#-----------------------------------------------------------
# Vivado v2014.1 (64-bit)
# SW Build 881834 on Fri Apr  4 14:15:54 MDT 2014
# IP Build 877625 on Fri Mar 28 16:29:15 MDT 2014
# Start of session at: Tue Apr 07 12:26:21 2015
# Process ID: 8940
# Log file: C:/Users/Daniel/Documents/Uoft_hw/ECE532/LATESTCopy/PaintWithVisionDaniel_Beta/vivado.log
# Journal file: C:/Users/Daniel/Documents/Uoft_hw/ECE532/LATESTCopy/PaintWithVisionDaniel_Beta\vivado.jou
#-----------------------------------------------------------
start_gui
open_project {C:\Users\Daniel\Documents\Uoft_hw\ECE532\LATESTCopy\PaintWithVisionDaniel_Beta\PaintWithVision2.xpr}
open_run impl_1
open_bd_design {C:/Users/Daniel/Documents/Uoft_hw/ECE532/LATESTCopy/PaintWithVisionDaniel_Beta/PaintWithVision2.srcs/sources_1/bd/design_1/design_1.bd}
export_hardware [get_files C:/Users/Daniel/Documents/Uoft_hw/ECE532/LATESTCopy/PaintWithVisionDaniel_Beta/PaintWithVision2.srcs/sources_1/bd/design_1/design_1.bd] [get_runs impl_1] -bitstream
launch_sdk -bit C:/Users/Daniel/Documents/Uoft_hw/ECE532/LATESTCopy/PaintWithVisionDaniel_Beta/PaintWithVision2.sdk/SDK/SDK_Export/hw/design_1_wrapper.bit -bmm C:/Users/Daniel/Documents/Uoft_hw/ECE532/LATESTCopy/PaintWithVisionDaniel_Beta/PaintWithVision2.sdk/SDK/SDK_Export/hw/design_1_wrapper_bd.bmm -workspace C:/Users/Daniel/Documents/Uoft_hw/ECE532/LATESTCopy/PaintWithVisionDaniel_Beta/PaintWithVision2.sdk/SDK/SDK_Export -hwspec C:/Users/Daniel/Documents/Uoft_hw/ECE532/LATESTCopy/PaintWithVisionDaniel_Beta/PaintWithVision2.sdk/SDK/SDK_Export/hw/design_1.xml
